// Jest Snapshot v1, https://goo.gl/fbAQLP

exports[`renders the expected tree 1`] = `
<div>
  <div>
    <div>
      <img
        alt="itemOfClothes"
        src="picture"
      />
      <dl>
        <dt>
          Name
        </dt>
        <dd>
          name
        </dd>
        <dt>
          Size
        </dt>
        <dd>
          size
        </dd>
        <dt>
          Color
        </dt>
        <dd>
          color
        </dd>
        <dt>
          Quantity
        </dt>
        <dd>
          1
        </dd>
      </dl>
      <div>
        <div />
      </div>
    </div>
    <div>
      <button
        onClick={[Function]}
      >
        <span>
          <span>
            <svg
              fill="none"
              height={12}
              stroke="currentColor"
              strokeLinecap="round"
              strokeLinejoin="round"
              strokeWidth="2"
              viewBox="0 0 24 24"
              width={12}
              xmlns="http://www.w3.org/2000/svg"
            >
              <circle
                cx="9"
                cy="21"
                r="1"
              />
              <circle
                cx="20"
                cy="21"
                r="1"
              />
              <path
                d="M1 1h4l2.68 13.39a2 2 0 0 0 2 1.61h9.72a2 2 0 0 0 2-1.61L23 6H6"
              />
            </svg>
          </span>
          <span>
            Buy
          </span>
        </span>
      </button>
      <button
        onClick={[Function]}
      >
        <span>
          <span>
            <svg
              fill="none"
              height={12}
              stroke="currentColor"
              strokeLinecap="round"
              strokeLinejoin="round"
              strokeWidth="2"
              viewBox="0 0 24 24"
              width={12}
              xmlns="http://www.w3.org/2000/svg"
            >
              <circle
                cx="18"
                cy="5"
                r="3"
              />
              <circle
                cx="6"
                cy="12"
                r="3"
              />
              <circle
                cx="18"
                cy="19"
                r="3"
              />
              <line
                x1="8.59"
                x2="15.42"
                y1="13.51"
                y2="17.49"
              />
              <line
                x1="15.41"
                x2="8.59"
                y1="6.51"
                y2="10.49"
              />
            </svg>
          </span>
          <span>
            Share
          </span>
        </span>
      </button>
      <button
        onClick={[Function]}
      >
        <span>
          <span>
            <svg
              fill="none"
              height={12}
              stroke="currentColor"
              strokeLinecap="round"
              strokeLinejoin="round"
              strokeWidth="2"
              viewBox="0 0 24 24"
              width={12}
              xmlns="http://www.w3.org/2000/svg"
            >
              <path
                d="M21 15a2 2 0 0 1-2 2H7l-4 4V5a2 2 0 0 1 2-2h14a2 2 0 0 1 2 2z"
              />
            </svg>
          </span>
          <span>
            Review
          </span>
        </span>
      </button>
    </div>
  </div>
  <h2>
    Order Details
  </h2>
  <dl>
    <dt>
      Order No
    </dt>
    <dd>
      orderNo
    </dd>
    <dt>
      Order Date
    </dt>
    <dd>
      orderDate
    </dd>
    <dt>
      Total
    </dt>
    <dd>
      total
    </dd>
    <dt>
      Products
    </dt>
    <dd>
      products
    </dd>
  </dl>
  <div>
    <h3>
      Other Items in this Order
    </h3>
    <div>
      <div>
        <div>
          <img
            alt="itemOfClothes"
            src="picture"
          />
          <dl>
            <dt>
              Name
            </dt>
            <dd>
              name
            </dd>
            <dt>
              Size
            </dt>
            <dd>
              size
            </dd>
            <dt>
              Color
            </dt>
            <dd>
              color
            </dd>
            <dt>
              Quantity
            </dt>
            <dd>
              1
            </dd>
          </dl>
          <div>
            <div />
          </div>
        </div>
        <div>
          <button
            onClick={[Function]}
          >
            <span>
              <span>
                <svg
                  fill="none"
                  height={12}
                  stroke="currentColor"
                  strokeLinecap="round"
                  strokeLinejoin="round"
                  strokeWidth="2"
                  viewBox="0 0 24 24"
                  width={12}
                  xmlns="http://www.w3.org/2000/svg"
                >
                  <circle
                    cx="9"
                    cy="21"
                    r="1"
                  />
                  <circle
                    cx="20"
                    cy="21"
                    r="1"
                  />
                  <path
                    d="M1 1h4l2.68 13.39a2 2 0 0 0 2 1.61h9.72a2 2 0 0 0 2-1.61L23 6H6"
                  />
                </svg>
              </span>
              <span>
                Buy
              </span>
            </span>
          </button>
          <button
            onClick={[Function]}
          >
            <span>
              <span>
                <svg
                  fill="none"
                  height={12}
                  stroke="currentColor"
                  strokeLinecap="round"
                  strokeLinejoin="round"
                  strokeWidth="2"
                  viewBox="0 0 24 24"
                  width={12}
                  xmlns="http://www.w3.org/2000/svg"
                >
                  <circle
                    cx="18"
                    cy="5"
                    r="3"
                  />
                  <circle
                    cx="6"
                    cy="12"
                    r="3"
                  />
                  <circle
                    cx="18"
                    cy="19"
                    r="3"
                  />
                  <line
                    x1="8.59"
                    x2="15.42"
                    y1="13.51"
                    y2="17.49"
                  />
                  <line
                    x1="15.41"
                    x2="8.59"
                    y1="6.51"
                    y2="10.49"
                  />
                </svg>
              </span>
              <span>
                Share
              </span>
            </span>
          </button>
          <button
            onClick={[Function]}
          >
            <span>
              <span>
                <svg
                  fill="none"
                  height={12}
                  stroke="currentColor"
                  strokeLinecap="round"
                  strokeLinejoin="round"
                  strokeWidth="2"
                  viewBox="0 0 24 24"
                  width={12}
                  xmlns="http://www.w3.org/2000/svg"
                >
                  <path
                    d="M21 15a2 2 0 0 1-2 2H7l-4 4V5a2 2 0 0 1 2-2h14a2 2 0 0 1 2 2z"
                  />
                </svg>
              </span>
              <span>
                Review
              </span>
            </span>
          </button>
        </div>
      </div>
      <div>
        <div>
          <img
            alt="itemOfClothes"
            src="picture"
          />
          <dl>
            <dt>
              Name
            </dt>
            <dd>
              name
            </dd>
            <dt>
              Size
            </dt>
            <dd>
              size
            </dd>
            <dt>
              Color
            </dt>
            <dd>
              color
            </dd>
            <dt>
              Quantity
            </dt>
            <dd>
              1
            </dd>
          </dl>
          <div>
            <div />
          </div>
        </div>
        <div>
          <button
            onClick={[Function]}
          >
            <span>
              <span>
                <svg
                  fill="none"
                  height={12}
                  stroke="currentColor"
                  strokeLinecap="round"
                  strokeLinejoin="round"
                  strokeWidth="2"
                  viewBox="0 0 24 24"
                  width={12}
                  xmlns="http://www.w3.org/2000/svg"
                >
                  <circle
                    cx="9"
                    cy="21"
                    r="1"
                  />
                  <circle
                    cx="20"
                    cy="21"
                    r="1"
                  />
                  <path
                    d="M1 1h4l2.68 13.39a2 2 0 0 0 2 1.61h9.72a2 2 0 0 0 2-1.61L23 6H6"
                  />
                </svg>
              </span>
              <span>
                Buy
              </span>
            </span>
          </button>
          <button
            onClick={[Function]}
          >
            <span>
              <span>
                <svg
                  fill="none"
                  height={12}
                  stroke="currentColor"
                  strokeLinecap="round"
                  strokeLinejoin="round"
                  strokeWidth="2"
                  viewBox="0 0 24 24"
                  width={12}
                  xmlns="http://www.w3.org/2000/svg"
                >
                  <circle
                    cx="18"
                    cy="5"
                    r="3"
                  />
                  <circle
                    cx="6"
                    cy="12"
                    r="3"
                  />
                  <circle
                    cx="18"
                    cy="19"
                    r="3"
                  />
                  <line
                    x1="8.59"
                    x2="15.42"
                    y1="13.51"
                    y2="17.49"
                  />
                  <line
                    x1="15.41"
                    x2="8.59"
                    y1="6.51"
                    y2="10.49"
                  />
                </svg>
              </span>
              <span>
                Share
              </span>
            </span>
          </button>
          <button
            onClick={[Function]}
          >
            <span>
              <span>
                <svg
                  fill="none"
                  height={12}
                  stroke="currentColor"
                  strokeLinecap="round"
                  strokeLinejoin="round"
                  strokeWidth="2"
                  viewBox="0 0 24 24"
                  width={12}
                  xmlns="http://www.w3.org/2000/svg"
                >
                  <path
                    d="M21 15a2 2 0 0 1-2 2H7l-4 4V5a2 2 0 0 1 2-2h14a2 2 0 0 1 2 2z"
                  />
                </svg>
              </span>
              <span>
                Review
              </span>
            </span>
          </button>
        </div>
      </div>
      <div>
        <div>
          <img
            alt="itemOfClothes"
            src="picture"
          />
          <dl>
            <dt>
              Name
            </dt>
            <dd>
              name
            </dd>
            <dt>
              Size
            </dt>
            <dd>
              size
            </dd>
            <dt>
              Color
            </dt>
            <dd>
              color
            </dd>
            <dt>
              Quantity
            </dt>
            <dd>
              1
            </dd>
          </dl>
          <div>
            <div />
          </div>
        </div>
        <div>
          <button
            onClick={[Function]}
          >
            <span>
              <span>
                <svg
                  fill="none"
                  height={12}
                  stroke="currentColor"
                  strokeLinecap="round"
                  strokeLinejoin="round"
                  strokeWidth="2"
                  viewBox="0 0 24 24"
                  width={12}
                  xmlns="http://www.w3.org/2000/svg"
                >
                  <circle
                    cx="9"
                    cy="21"
                    r="1"
                  />
                  <circle
                    cx="20"
                    cy="21"
                    r="1"
                  />
                  <path
                    d="M1 1h4l2.68 13.39a2 2 0 0 0 2 1.61h9.72a2 2 0 0 0 2-1.61L23 6H6"
                  />
                </svg>
              </span>
              <span>
                Buy
              </span>
            </span>
          </button>
          <button
            onClick={[Function]}
          >
            <span>
              <span>
                <svg
                  fill="none"
                  height={12}
                  stroke="currentColor"
                  strokeLinecap="round"
                  strokeLinejoin="round"
                  strokeWidth="2"
                  viewBox="0 0 24 24"
                  width={12}
                  xmlns="http://www.w3.org/2000/svg"
                >
                  <circle
                    cx="18"
                    cy="5"
                    r="3"
                  />
                  <circle
                    cx="6"
                    cy="12"
                    r="3"
                  />
                  <circle
                    cx="18"
                    cy="19"
                    r="3"
                  />
                  <line
                    x1="8.59"
                    x2="15.42"
                    y1="13.51"
                    y2="17.49"
                  />
                  <line
                    x1="15.41"
                    x2="8.59"
                    y1="6.51"
                    y2="10.49"
                  />
                </svg>
              </span>
              <span>
                Share
              </span>
            </span>
          </button>
          <button
            onClick={[Function]}
          >
            <span>
              <span>
                <svg
                  fill="none"
                  height={12}
                  stroke="currentColor"
                  strokeLinecap="round"
                  strokeLinejoin="round"
                  strokeWidth="2"
                  viewBox="0 0 24 24"
                  width={12}
                  xmlns="http://www.w3.org/2000/svg"
                >
                  <path
                    d="M21 15a2 2 0 0 1-2 2H7l-4 4V5a2 2 0 0 1 2-2h14a2 2 0 0 1 2 2z"
                  />
                </svg>
              </span>
              <span>
                Review
              </span>
            </span>
          </button>
        </div>
      </div>
    </div>
  </div>
  <h3>
    Shipment Details
  </h3>
  <dl>
    <dt>
      Method
    </dt>
    <dd>
      method
    </dd>
    <dt>
      Delivered
    </dt>
    <dd>
      delivered
    </dd>
  </dl>
  <div>
    <button
      type="button"
    >
      <span>
        Track Order
      </span>
    </button>
  </div>
  <h3>
    Payment Details
  </h3>
  <dl>
    <dt>
      Method
    </dt>
    <dd>
      method
    </dd>
    <dt>
      Billing Address
    </dt>
    <dd>
      billingAddress
    </dd>
    <dt>
      Shipping Address
    </dt>
    <dd>
      shippingAddress
    </dd>
  </dl>
  <h3>
    Order Summary
  </h3>
  <dl>
    <dt>
      Items
    </dt>
    <dd>
      items
    </dd>
    <dt>
      Shipping and Handling
    </dt>
    <dd>
      shippingAndHandling
    </dd>
    <dt>
      Estimated Tax
    </dt>
    <dd>
      estimatedTax
    </dd>
  </dl>
</div>
`;
