// Jest Snapshot v1, https://goo.gl/fbAQLP

exports[`it renders a Filter correctly 1`] = `
<div
  className="root"
>
  <div
    className="filterIconContainer"
  >
    <span
      className="root"
    >
      <svg
        fill="none"
        height={16}
        stroke="rgb(0, 134, 138)"
        strokeLinecap="round"
        strokeLinejoin="round"
        strokeWidth="2"
        viewBox="0 0 24 24"
        width={16}
        xmlns="http://www.w3.org/2000/svg"
      >
        <polygon
          points="22 3 2 3 10 12.46 10 19 14 21 14 12.46 22 3"
        />
      </svg>
    </span>
  </div>
  <span>
    Filter by...
  </span>
</div>
`;
