// Jest Snapshot v1, https://goo.gl/fbAQLP

exports[`should render properly 1`] = `
Object {
  "togglePasswordVisibility": [Function],
  "visible": false,
}
`;
