// Jest Snapshot v1, https://goo.gl/fbAQLP

exports[`renders the expected tree 1`] = `
<div
  className="root"
>
  <div
    className="main"
  >
    <img
      alt="itemOfClothes"
      className="image"
      src="picturePath"
    />
    <dl
      className="propsList"
    >
      <dt
        className="propLabel"
      >
        Name
      </dt>
      <dd
        className="propValue"
      >
        name
      </dd>
      <dt
        className="propLabel"
      >
        Size
      </dt>
      <dd
        className="propValue"
      >
        43
      </dd>
      <dt
        className="propLabel"
      >
        Color
      </dt>
      <dd
        className="propValue"
      >
        color
      </dd>
      <dt
        className="propLabel"
      >
        Quantity
      </dt>
      <dd
        className="propValue"
      >
        1
      </dd>
    </dl>
    <div
      className="price"
    >
      <div />
    </div>
  </div>
  <div
    className="root"
  >
    <button
      className="root"
      onClick={[Function]}
    >
      <span
        className="content"
      >
        <span
          className="root"
        >
          <svg
            fill="none"
            height={12}
            stroke="currentColor"
            strokeLinecap="round"
            strokeLinejoin="round"
            strokeWidth="2"
            viewBox="0 0 24 24"
            width={12}
            xmlns="http://www.w3.org/2000/svg"
          >
            <circle
              cx="9"
              cy="21"
              r="1"
            />
            <circle
              cx="20"
              cy="21"
              r="1"
            />
            <path
              d="M1 1h4l2.68 13.39a2 2 0 0 0 2 1.61h9.72a2 2 0 0 0 2-1.61L23 6H6"
            />
          </svg>
        </span>
        <span>
          Buy
        </span>
      </span>
    </button>
    <button
      className="root"
      onClick={[Function]}
    >
      <span
        className="content"
      >
        <span
          className="root"
        >
          <svg
            fill="none"
            height={12}
            stroke="currentColor"
            strokeLinecap="round"
            strokeLinejoin="round"
            strokeWidth="2"
            viewBox="0 0 24 24"
            width={12}
            xmlns="http://www.w3.org/2000/svg"
          >
            <circle
              cx="18"
              cy="5"
              r="3"
            />
            <circle
              cx="6"
              cy="12"
              r="3"
            />
            <circle
              cx="18"
              cy="19"
              r="3"
            />
            <line
              x1="8.59"
              x2="15.42"
              y1="13.51"
              y2="17.49"
            />
            <line
              x1="15.41"
              x2="8.59"
              y1="6.51"
              y2="10.49"
            />
          </svg>
        </span>
        <span>
          Share
        </span>
      </span>
    </button>
    <button
      className="root"
      onClick={[Function]}
    >
      <span
        className="content"
      >
        <span
          className="root"
        >
          <svg
            fill="none"
            height={12}
            stroke="currentColor"
            strokeLinecap="round"
            strokeLinejoin="round"
            strokeWidth="2"
            viewBox="0 0 24 24"
            width={12}
            xmlns="http://www.w3.org/2000/svg"
          >
            <path
              d="M21 15a2 2 0 0 1-2 2H7l-4 4V5a2 2 0 0 1 2-2h14a2 2 0 0 1 2 2z"
            />
          </svg>
        </span>
        <span>
          Review
        </span>
      </span>
    </button>
  </div>
</div>
`;
