// Jest Snapshot v1, https://goo.gl/fbAQLP

exports[`should render properly 1`] = `
<div>
  <h2>
    <mock-FormattedMessage
      defaultMessage="Recover Password"
      id="forgotPassword.recoverPasswordText"
    />
  </h2>
  <p>
    Please enter the email address associated with this account.
  </p>
  <mock-ForgotPasswordForm
    initialValues={
      Object {
        "email": "gooseton@goosemail.com",
      }
    }
    isResettingPassword={false}
    onCancel={[MockFunction]}
    onSubmit={[MockFunction]}
  />
</div>
`;

exports[`should render successful view if hasCompleted is true 1`] = `
<div>
  <mock-FormSubmissionSuccessful
    email="gooseton@goosemail.com"
  />
</div>
`;
