// Jest Snapshot v1, https://goo.gl/fbAQLP

exports[`renders a Receipt component correctly 1`] = `
<div
  className="root"
>
  <div
    className="body"
  >
    <h2
      className="header"
    >
      Thank you for your purchase!
    </h2>
    <div
      className="textBlock"
    >
      Your order # is
       
      <span
        className="orderId"
      >
        123
      </span>
      <br />
      Weâ€™ll email you an order confirmation with details and tracking info
    </div>
    <button
      className="root_normalPriority"
      data-id="continue-shopping-button"
      onClick={[Function]}
      type="button"
    >
      <span
        className="content"
      >
        Continue Shopping
      </span>
    </button>
    <div
      className="textBlock"
    >
      Track order status and earn rewards for your purchase by creating and account.
    </div>
    <button
      className="root_highPriority"
      data-id="create-account-button"
      onClick={[Function]}
      type="button"
    >
      <span
        className="content"
      >
        Create an Account
      </span>
    </button>
  </div>
</div>
`;
