// Jest Snapshot v1, https://goo.gl/fbAQLP

exports[`renders the correct tree 1`] = `
<button
  className="root"
  onClick={[Function]}
>
  <span
    className="text"
  >
    a
  </span>
</button>
`;
