// Jest Snapshot v1, https://goo.gl/fbAQLP

exports[`renders an error if isError state is true 1`] = `
<span
  className="error"
>
  There was an error loading payment options. Please try again later.
</span>
`;
